// Jest Snapshot v1, https://goo.gl/fbAQLP

exports[`App should render the App component correctly 1`] = `<div />`;

exports[`PopOut should render the PopOut component correctly 1`] = `
<div>
  <div
    className="bigCarousel"
  >
    <LastPicture />
    <BigImage />
    <div>
      <Exit />
      <NextPicture />
    </div>
  </div>
  <div>
    <BottomBar />
  </div>
</div>
`;
